// Jest Snapshot v1, https://goo.gl/fbAQLP

exports[`List renders and matches snapshot 1`] = `
<table>
  <thead>
    <tr>
      <th
        width="66%"
      >
        Item
      </th>
      <th>
        Actions
      </th>
    </tr>
  </thead>
  <tbody>
    <tr>
      <td
        className={null}
      >
        one
      </td>
      <td>
        <button
          className="button edit"
          onClick={[Function]}
        >
          Edit
        </button>
        <button
          className="button delete"
          onClick={[Function]}
        >
          Delete
        </button>
      </td>
    </tr>
    <tr>
      <td
        className="completed"
      >
        two
      </td>
      <td>
        <button
          className="button edit"
          onClick={[Function]}
        >
          Edit
        </button>
        <button
          className="button delete"
          onClick={[Function]}
        >
          Delete
        </button>
      </td>
    </tr>
    <tr>
      <td
        className="completed"
      >
        three
      </td>
      <td>
        <button
          className="button edit"
          onClick={[Function]}
        >
          Edit
        </button>
        <button
          className="button delete"
          onClick={[Function]}
        >
          Delete
        </button>
      </td>
    </tr>
    <tr>
      <td
        className={null}
      >
        four
      </td>
      <td>
        <button
          className="button edit"
          onClick={[Function]}
        >
          Edit
        </button>
        <button
          className="button delete"
          onClick={[Function]}
        >
          Delete
        </button>
      </td>
    </tr>
    <tr>
      <td
        className={null}
      >
        five
      </td>
      <td>
        <button
          className="button edit"
          onClick={[Function]}
        >
          Edit
        </button>
        <button
          className="button delete"
          onClick={[Function]}
        >
          Delete
        </button>
      </td>
    </tr>
  </tbody>
</table>
`;
